// Jest Snapshot v1, https://goo.gl/fbAQLP

exports[`Render a AddCar 1`] = `
<section
  className="p-8"
>
  <div
    className="max-w-md mx-auto"
  >
    <h1
      className="text-2xl font-bold mb-4"
    >
      Add New Car
    </h1>
    <form
      id="Add-car-form"
      onSubmit={[Function]}
    >
      <div
        className="mb-4"
      >
        <label
          className="block font-medium"
          htmlFor="name"
        >
          Car Name:
        </label>
        <input
          className="border border-gray-300 rounded w-full "
          id="name"
          onChange={[Function]}
          required={true}
          type="text"
          value=""
        />
      </div>
      <div
        className="mb-4"
      >
        <label
          className="block font-medium"
          htmlFor="model_id"
        >
          Select Model:
        </label>
        <select
          className="border border-gray-300 rounded w-full"
          id="model_id"
          onChange={[Function]}
          required={true}
          value=""
        >
          <option
            value=""
          >
            -- Select a Model --
          </option>
        </select>
      </div>
      <div
        className="mb-4"
      >
        <label
          className="block font-medium"
          htmlFor="carDetails"
        >
          Car Plate:
        </label>
        <input
          className="border border-gray-300 rounded w-full "
          id="plate_number"
          onBlur={[Function]}
          onChange={[Function]}
          required={true}
          type="text"
          value=""
        />
      </div>
      <div
        className="mb-4"
      >
        <label
          className="block font-medium"
          htmlFor="carPhoto"
        >
          Car Photo:
        </label>
        <input
          className="border border-gray-300 rounded w-full "
          id="carPhoto"
          name="image"
          onBlur={[Function]}
          onChange={[Function]}
          required={true}
          type="file"
        />
      </div>
      <div
        className="mb-4"
      >
        <label
          className="block font-medium"
          htmlFor="pricePerDay"
        >
          Price Per Day:
        </label>
        <input
          className="border border-gray-300 rounded px-3 py-2 w-full"
          id="pricePerDay"
          min="0"
          onChange={[Function]}
          required={true}
          type="number"
          value=""
        />
      </div>
      <div
        className="mb-4"
      >
        <label
          className="block font-medium"
          htmlFor="city"
        >
          City:
        </label>
        <input
          className="border border-gray-300 rounded px-3 py-2 w-full"
          id="city"
          onChange={[Function]}
          required={true}
          type="text"
          value=""
        />
      </div>
      <button
        className="bg-lime-600 hover:bg-primary text-white rounded px-4 py-2"
        type="submit"
      >
        <svg
          aria-hidden="true"
          className="svg-inline--fa fa-car pr-4"
          data-icon="car"
          data-prefix="fas"
          focusable="false"
          role="img"
          style={Object {}}
          viewBox="0 0 512 512"
          xmlns="http://www.w3.org/2000/svg"
        >
          <path
            d="M135.2 117.4L109.1 192H402.9l-26.1-74.6C372.3 104.6 360.2 96 346.6 96H165.4c-13.6 0-25.7 8.6-30.2 21.4zM39.6 196.8L74.8 96.3C88.3 57.8 124.6 32 165.4 32H346.6c40.8 0 77.1 25.8 90.6 64.3l35.2 100.5c23.2 9.6 39.6 32.5 39.6 59.2V400v48c0 17.7-14.3 32-32 32H448c-17.7 0-32-14.3-32-32V400H96v48c0 17.7-14.3 32-32 32H32c-17.7 0-32-14.3-32-32V400 256c0-26.7 16.4-49.6 39.6-59.2zM128 288a32 32 0 1 0 -64 0 32 32 0 1 0 64 0zm288 32a32 32 0 1 0 0-64 32 32 0 1 0 0 64z"
            fill="currentColor"
            style={Object {}}
          />
        </svg>
        Add Car
      </button>
    </form>
  </div>
</section>
`;
